2018-07-01 trees_primitives: 1694 rows, 200 iterations
2018-07-01 trees_states: 1694 rows, 200 iterations
2018-07-01 neural_primitives: 1694 rows, 300 iterations
2018-07-01 neural_states: 1694 rows, 300 iterations
2019-07-01 trees_primitives: 2064 rows, 200 iterations
2019-07-01 trees_states: 2064 rows, 200 iterations
2019-07-01 neural_primitives: 2064 rows, 300 iterations
2019-07-01 neural_states: 2064 rows, 300 iterations
2020-07-01 trees_primitives: 2448 rows, 200 iterations
2020-07-01 trees_states: 2448 rows, 200 iterations
2020-07-01 neural_primitives: 2448 rows, 300 iterations
2020-07-01 neural_states: 2448 rows, 300 iterations
2021-07-01 trees_primitives: 2832 rows, 200 iterations
2021-07-01 trees_states: 2832 rows, 200 iterations
2021-07-01 neural_primitives: 2832 rows, 300 iterations
2021-07-01 neural_states: 2832 rows, 300 iterations
2022-07-01 trees_primitives: 3216 rows, 200 iterations
2022-07-01 trees_states: 3216 rows, 200 iterations
2022-07-01 neural_primitives: 3216 rows, 300 iterations
2022-07-01 neural_states: 3216 rows, 300 iterations
2023-07-01 trees_primitives: 3602 rows, 200 iterations
2023-07-01 trees_states: 3602 rows, 200 iterations
2023-07-01 neural_primitives: 3602 rows, 300 iterations
2023-07-01 neural_states: 3602 rows, 300 iterations
2024-07-01 trees_primitives: 3998 rows, 200 iterations
2024-07-01 trees_states: 3998 rows, 200 iterations
2024-07-01 neural_primitives: 3998 rows, 300 iterations
2024-07-01 neural_states: 3998 rows, 300 iterations
2025-07-01 trees_primitives: 4394 rows, 200 iterations
2025-07-01 trees_states: 4394 rows, 200 iterations
2025-07-01 neural_primitives: 4394 rows, 300 iterations
2025-07-01 neural_states: 4394 rows, 300 iterations
2026-07-01 trees_primitives: 4790 rows, 200 iterations
2026-07-01 trees_states: 4790 rows, 200 iterations
2026-07-01 neural_primitives: 4790 rows, 300 iterations
2026-07-01 neural_states: 4790 rows, 300 iterations
              arm  hold_months  annualized_return  benchmark_annualized_return  max_drawdown
 trees_primitives            1           0.128471                     0.089542     -0.333876
     trees_states            1           0.073351                     0.089542     -0.307709
neural_primitives            1           0.116664                     0.089542     -0.267635
    neural_states            1           0.097685                     0.089542     -0.290678
   value_momentum            1           0.114929                     0.089542     -0.256781
 trees_primitives           12           0.100098                     0.091943     -0.290183
     trees_states           12           0.105125                     0.091943     -0.272079
neural_primitives           12           0.094400                     0.091943     -0.260533
    neural_states           12           0.097374                     0.091943     -0.259076
   value_momentum           12           0.070436                     0.091943     -0.301605
