{
  "experiment_id": "M_20260906_001",
  "first_forecast": "2018-07-01",
  "last_forecast": "2026-07-01",
  "forecast_months": 97,
  "minimum_markets": 32,
  "maximum_markets": 33,
  "fits": 9,
  "statistical_gate": false,
  "rows": 3154,
  "source_status": "conditional vendor-history reconstruction; monthly index-return proxy",
  "protocol_sha256": "ccb821beb39463c3cb01e98192b34fd87a3e98d55a8783fde4778939f5405221",
  "input_hashes": {
    "features.parquet": "8e14fab87d2fe77e7e11a73f71c580bbb1a8960f900324627308d6f373e9893b",
    "returns.parquet": "8f723c187c01afba1e766f841a3967b678d2b4d40556bf463061f5da14790d8e"
  }
}
                    arm  hold_months  annualized_return  benchmark_annualized_return  max_drawdown
            market_only            1           0.063334                     0.089542     -0.311253
             primitives            1           0.124641                     0.089542     -0.298177
                 states            1           0.117542                     0.089542     -0.301090
    states_interactions            1           0.121189                     0.089542     -0.306523
primitives_interactions            1           0.112831                     0.089542     -0.306621
         value_momentum            1           0.114929                     0.089542     -0.256781
            market_only           12           0.083947                     0.091943     -0.283480
             primitives           12           0.115785                     0.091943     -0.285746
                 states           12           0.120255                     0.091943     -0.295702
    states_interactions           12           0.121378                     0.091943     -0.289801
primitives_interactions           12           0.115546                     0.091943     -0.286054
         value_momentum           12           0.070436                     0.091943     -0.301605
